one:1 two:2 one
one:1 two:2 two
one:1 two:2 three
one:1 two:2 four
